// Jest Snapshot v1, https://goo.gl/fbAQLP

exports[`mixins closedMixin would match a snapshot 1`] = `
Object {
  "@media (min-width:600px)": Object {
    "width": "calc(64px + 1px)",
  },
  "overflowX": "hidden",
  "transition": "width 195ms cubic-bezier(0.4, 0, 0.6, 1) 0ms",
  "width": "calc(56px + 1px)",
}
`;

exports[`mixins openedMixin would match a snapshot 1`] = `
Object {
  "overflowX": "hidden",
  "transition": "width 225ms cubic-bezier(0.4, 0, 0.6, 1) 0ms",
  "width": 240,
}
`;
